Failure: Expected subscript following identifier: x
Compilation Failed
