Failure: Wrong number of indices in array subscript expression.
Compilation Failed
