Failure: Expressions in array subscripts must have type int.
Compilation Failed
