Failure: Expected subscript following array identifier: a
Compilation Failed
