not to be
not to be
not to be
not to be
not to be
not to be
not to be
not to be
not to be
to be
to be
DIVIDE BY ZERO
