Failure: No main procedure definition.
Compilation Failed
