Failure: Arguments of equality operators must have the same type.
Compilation Failed
