Input two positive integers:
The gcd of 8 and 4 is 4
