Failure: Guard expression in if and while statements must have type bool.
Compilation Failed
