Failure: Arguments of logical operators must have type bool.
Compilation Failed
