Failure: Main procedure must be parameterless.
Compilation Failed
