Failure: Number of actual parameters does not match expected number of arguments.
Compilation Failed
