This will perform X multiplied by Y squared.
Here is X: 1 and Y: 2
X multiplied by Y squared is: 4
