Failure: Type mismatch passing by reference.
Compilation Failed
