Failure: Procedure with name foo redeclared.
Compilation Failed
