Failure: Incompatible types in relational expression.
Compilation Failed
