proc main ()
    int x;
    int y;
    
    x := 2;
    y := 3;
    write x != y;
end

